<?xml version="1.0" encoding="utf-8"?><testsuites name="pytest tests"><testsuite name="pytest" errors="0" failures="0" skipped="0" tests="10" time="65.079" timestamp="2026-10-03T17:49:39.496802+05:30" hostname="DESKTOP-J49VRTD"><testcase classname="tests.api.test_auth_api" name="test_login_success_returns_valid_token" time="1.801" /><testcase classname="tests.api.test_orders_api" name="test_create_order_returns_201_and_schema" time="1.469" /><testcase classname="tests.api.test_products_api" name="test_health" time="1.366" /><testcase classname="tests.api.test_products_api" name="test_list_products_matches_schema" time="1.283" /><testcase classname="tests.bdd.test_checkout_bdd" name="test_successful_checkout_of_a_single_product" time="19.517" /><testcase classname="tests.db.test_db_validation" name="test_seed_data_present" time="1.333" /><testcase classname="tests.e2e.test_cross_layer" name="test_ui_checkout_visible_in_db_and_api" time="10.146" /><testcase classname="tests.ui.test_cart_ui" name="test_add_product_updates_cart_badge" time="8.754" /><testcase classname="tests.ui.test_cart_ui" name="test_checkout_shows_confirmation" time="9.680" /><testcase classname="tests.ui.test_login_ui" name="test_valid_login_shows_products" time="8.040" /></testsuite></testsuites>